Archive member included to satisfy reference by file (symbol)

c:/st/stm32cubeide_1.11.2/stm32cubeide/plugins/com.st.stm32cube.ide.mcu.externaltools.gnu-tools-for-stm32.10.3-2021.10.win32_1.0.200.202301161003/tools/bin/../lib/gcc/arm-none-eabi/10.3.1/../../../../arm-none-eabi/lib/thumb/v7-m/nofp\libc_nano.a(lib_a-errno.o)
                              ./Core/Src/syscalls.o (__errno)
c:/st/stm32cubeide_1.11.2/stm32cubeide/plugins/com.st.stm32cube.ide.mcu.externaltools.gnu-tools-for-stm32.10.3-2021.10.win32_1.0.200.202301161003/tools/bin/../lib/gcc/arm-none-eabi/10.3.1/../../../../arm-none-eabi/lib/thumb/v7-m/nofp\libc_nano.a(lib_a-exit.o)
                              c:/st/stm32cubeide_1.11.2/stm32cubeide/plugins/com.st.stm32cube.ide.mcu.externaltools.gnu-tools-for-stm32.10.3-2021.10.win32_1.0.200.202301161003/tools/bin/../lib/gcc/arm-none-eabi/10.3.1/../../../../arm-none-eabi/lib/thumb/v7-m/nofp/crt0.o (exit)
c:/st/stm32cubeide_1.11.2/stm32cubeide/plugins/com.st.stm32cube.ide.mcu.externaltools.gnu-tools-for-stm32.10.3-2021.10.win32_1.0.200.202301161003/tools/bin/../lib/gcc/arm-none-eabi/10.3.1/../../../../arm-none-eabi/lib/thumb/v7-m/nofp\libc_nano.a(lib_a-impure.o)
                              c:/st/stm32cubeide_1.11.2/stm32cubeide/plugins/com.st.stm32cube.ide.mcu.externaltools.gnu-tools-for-stm32.10.3-2021.10.win32_1.0.200.202301161003/tools/bin/../lib/gcc/arm-none-eabi/10.3.1/../../../../arm-none-eabi/lib/thumb/v7-m/nofp\libc_nano.a(lib_a-exit.o) (_global_impure_ptr)
c:/st/stm32cubeide_1.11.2/stm32cubeide/plugins/com.st.stm32cube.ide.mcu.externaltools.gnu-tools-for-stm32.10.3-2021.10.win32_1.0.200.202301161003/tools/bin/../lib/gcc/arm-none-eabi/10.3.1/../../../../arm-none-eabi/lib/thumb/v7-m/nofp\libc_nano.a(lib_a-init.o)
                              c:/st/stm32cubeide_1.11.2/stm32cubeide/plugins/com.st.stm32cube.ide.mcu.externaltools.gnu-tools-for-stm32.10.3-2021.10.win32_1.0.200.202301161003/tools/bin/../lib/gcc/arm-none-eabi/10.3.1/../../../../arm-none-eabi/lib/thumb/v7-m/nofp/crt0.o (__libc_init_array)
c:/st/stm32cubeide_1.11.2/stm32cubeide/plugins/com.st.stm32cube.ide.mcu.externaltools.gnu-tools-for-stm32.10.3-2021.10.win32_1.0.200.202301161003/tools/bin/../lib/gcc/arm-none-eabi/10.3.1/../../../../arm-none-eabi/lib/thumb/v7-m/nofp\libc_nano.a(lib_a-memset.o)
                              c:/st/stm32cubeide_1.11.2/stm32cubeide/plugins/com.st.stm32cube.ide.mcu.externaltools.gnu-tools-for-stm32.10.3-2021.10.win32_1.0.200.202301161003/tools/bin/../lib/gcc/arm-none-eabi/10.3.1/../../../../arm-none-eabi/lib/thumb/v7-m/nofp/crt0.o (memset)
c:/st/stm32cubeide_1.11.2/stm32cubeide/plugins/com.st.stm32cube.ide.mcu.externaltools.gnu-tools-for-stm32.10.3-2021.10.win32_1.0.200.202301161003/tools/bin/../lib/gcc/arm-none-eabi/10.3.1/thumb/v7-m/nofp\libgcc.a(_arm_muldf3.o)
                              ./Core/Src/main.o (__aeabi_dmul)
c:/st/stm32cubeide_1.11.2/stm32cubeide/plugins/com.st.stm32cube.ide.mcu.externaltools.gnu-tools-for-stm32.10.3-2021.10.win32_1.0.200.202301161003/tools/bin/../lib/gcc/arm-none-eabi/10.3.1/thumb/v7-m/nofp\libgcc.a(_arm_mulsf3.o)
                              ./Core/Src/robot.o (__aeabi_fmul)
c:/st/stm32cubeide_1.11.2/stm32cubeide/plugins/com.st.stm32cube.ide.mcu.externaltools.gnu-tools-for-stm32.10.3-2021.10.win32_1.0.200.202301161003/tools/bin/../lib/gcc/arm-none-eabi/10.3.1/thumb/v7-m/nofp\libgcc.a(_arm_addsubdf3.o)
                              ./Core/Src/robot.o (__aeabi_dadd)
c:/st/stm32cubeide_1.11.2/stm32cubeide/plugins/com.st.stm32cube.ide.mcu.externaltools.gnu-tools-for-stm32.10.3-2021.10.win32_1.0.200.202301161003/tools/bin/../lib/gcc/arm-none-eabi/10.3.1/thumb/v7-m/nofp\libgcc.a(_arm_muldivdf3.o)
                              ./Core/Src/main.o (__aeabi_ddiv)
c:/st/stm32cubeide_1.11.2/stm32cubeide/plugins/com.st.stm32cube.ide.mcu.externaltools.gnu-tools-for-stm32.10.3-2021.10.win32_1.0.200.202301161003/tools/bin/../lib/gcc/arm-none-eabi/10.3.1/thumb/v7-m/nofp\libgcc.a(_arm_fixdfsi.o)
                              ./Core/Src/main.o (__aeabi_d2iz)
c:/st/stm32cubeide_1.11.2/stm32cubeide/plugins/com.st.stm32cube.ide.mcu.externaltools.gnu-tools-for-stm32.10.3-2021.10.win32_1.0.200.202301161003/tools/bin/../lib/gcc/arm-none-eabi/10.3.1/thumb/v7-m/nofp\libgcc.a(_arm_truncdfsf2.o)
                              ./Core/Src/robot.o (__aeabi_d2f)
c:/st/stm32cubeide_1.11.2/stm32cubeide/plugins/com.st.stm32cube.ide.mcu.externaltools.gnu-tools-for-stm32.10.3-2021.10.win32_1.0.200.202301161003/tools/bin/../lib/gcc/arm-none-eabi/10.3.1/thumb/v7-m/nofp\libgcc.a(_arm_addsubsf3.o)
                              ./Core/Src/robot.o (__aeabi_ui2f)
c:/st/stm32cubeide_1.11.2/stm32cubeide/plugins/com.st.stm32cube.ide.mcu.externaltools.gnu-tools-for-stm32.10.3-2021.10.win32_1.0.200.202301161003/tools/bin/../lib/gcc/arm-none-eabi/10.3.1/thumb/v7-m/nofp\libgcc.a(_arm_fixsfsi.o)
                              ./Core/Src/robot.o (__aeabi_f2iz)
[...]
Memory Configuration

Name             Origin             Length             Attributes
RAM              0x0000000020000000 0x0000000000008000 xrw
FLASH            0x0000000008000000 0x0000000000040000 xr
*default*        0x0000000000000000 0xffffffffffffffff

Linker script and memory map

LOAD c:/st/stm32cubeide_1.11.2/stm32cubeide/plugins/com.st.stm32cube.ide.mcu.externaltools.gnu-tools-for-stm32.10.3-2021.10.win32_1.0.200.202301161003/tools/bin/../lib/gcc/arm-none-eabi/10.3.1/thumb/v7-m/nofp/crti.o
LOAD c:/st/stm32cubeide_1.11.2/stm32cubeide/plugins/com.st.stm32cube.ide.mcu.externaltools.gnu-tools-for-stm32.10.3-2021.10.win32_1.0.200.202301161003/tools/bin/../lib/gcc/arm-none-eabi/10.3.1/thumb/v7-m/nofp/crtbegin.o
LOAD c:/st/stm32cubeide_1.11.2/stm32cubeide/plugins/com.st.stm32cube.ide.mcu.externaltools.gnu-tools-for-stm32.10.3-2021.10.win32_1.0.200.202301161003/tools/bin/../lib/gcc/arm-none-eabi/10.3.1/../../../../arm-none-eabi/lib/thumb/v7-m/nofp/crt0.o
LOAD ./Core/Src/main.o
LOAD ./Core/Src/robot.o
LOAD ./Core/Src/stm32l1xx_hal_msp.o
LOAD ./Core/Src/stm32l1xx_it.o
LOAD ./Core/Src/syscalls.o
LOAD ./Core/Src/sysmem.o
LOAD ./Core/Src/system_stm32l1xx.o
LOAD ./Core/Startup/startup_stm32l152rctx.o
LOAD ./Drivers/STM32L1xx_HAL_Driver/Src/stm32l1xx_hal.o
LOAD ./Drivers/STM32L1xx_HAL_Driver/Src/stm32l1xx_hal_adc.o
LOAD ./Drivers/STM32L1xx_HAL_Driver/Src/stm32l1xx_hal_adc_ex.o
LOAD ./Drivers/STM32L1xx_HAL_Driver/Src/stm32l1xx_hal_cortex.o
LOAD ./Drivers/STM32L1xx_HAL_Driver/Src/stm32l1xx_hal_dma.o
LOAD ./Drivers/STM32L1xx_HAL_Driver/Src/stm32l1xx_hal_exti.o
LOAD ./Drivers/STM32L1xx_HAL_Driver/Src/stm32l1xx_hal_flash.o
LOAD ./Drivers/STM32L1xx_HAL_Driver/Src/stm32l1xx_hal_flash_ex.o
LOAD ./Drivers/STM32L1xx_HAL_Driver/Src/stm32l1xx_hal_flash_ramfunc.o
LOAD ./Drivers/STM32L1xx_HAL_Driver/Src/stm32l1xx_hal_gpio.o
LOAD ./Drivers/STM32L1xx_HAL_Driver/Src/stm32l1xx_hal_pwr.o
LOAD ./Drivers/STM32L1xx_HAL_Driver/Src/stm32l1xx_hal_pwr_ex.o
LOAD ./Drivers/STM32L1xx_HAL_Driver/Src/stm32l1xx_hal_rcc.o
LOAD ./Drivers/STM32L1xx_HAL_Driver/Src/stm32l1xx_hal_rcc_ex.o
LOAD ./Drivers/STM32L1xx_HAL_Driver/Src/stm32l1xx_hal_tim.o
LOAD ./Drivers/STM32L1xx_HAL_Driver/Src/stm32l1xx_hal_tim_ex.o
LOAD ./Drivers/STM32L1xx_HAL_Driver/Src/stm32l1xx_hal_uart.o
START GROUP
LOAD c:/st/stm32cubeide_1.11.2/stm32cubeide/plugins/com.st.stm32cube.ide.mcu.externaltools.gnu-tools-for-stm32.10.3-2021.10.win32_1.0.200.202301161003/tools/bin/../lib/gcc/arm-none-eabi/10.3.1/../../../../arm-none-eabi/lib/thumb/v7-m/nofp\libc_nano.a
LOAD c:/st/stm32cubeide_1.11.2/stm32cubeide/plugins/com.st.stm32cube.ide.mcu.externaltools.gnu-tools-for-stm32.10.3-2021.10.win32_1.0.200.202301161003/tools/bin/../lib/gcc/arm-none-eabi/10.3.1/../../../../arm-none-eabi/lib/thumb/v7-m/nofp\libm.a
END GROUP
START GROUP
LOAD c:/st/stm32cubeide_1.11.2/stm32cubeide/plugins/com.st.stm32cube.ide.mcu.externaltools.gnu-tools-for-stm32.10.3-2021.10.win32_1.0.200.202301161003/tools/bin/../lib/gcc/arm-none-eabi/10.3.1/thumb/v7-m/nofp\libgcc.a
LOAD c:/st/stm32cubeide_1.11.2/stm32cubeide/plugins/com.st.stm32cube.ide.mcu.externaltools.gnu-tools-for-stm32.10.3-2021.10.win32_1.0.200.202301161003/tools/bin/../lib/gcc/arm-none-eabi/10.3.1/../../../../arm-none-eabi/lib/thumb/v7-m/nofp\libc_nano.a
END GROUP
START GROUP
LOAD c:/st/stm32cubeide_1.11.2/stm32cubeide/plugins/com.st.stm32cube.ide.mcu.externaltools.gnu-tools-for-stm32.10.3-2021.10.win32_1.0.200.202301161003/tools/bin/../lib/gcc/arm-none-eabi/10.3.1/thumb/v7-m/nofp\libgcc.a
LOAD c:/st/stm32cubeide_1.11.2/stm32cubeide/plugins/com.st.stm32cube.ide.mcu.externaltools.gnu-tools-for-stm32.10.3-2021.10.win32_1.0.200.202301161003/tools/bin/../lib/gcc/arm-none-eabi/10.3.1/../../../../arm-none-eabi/lib/thumb/v7-m/nofp\libc_nano.a
LOAD c:/st/stm32cubeide_1.11.2/stm32cubeide/plugins/com.st.stm32cube.ide.mcu.externaltools.gnu-tools-for-stm32.10.3-2021.10.win32_1.0.200.202301161003/tools/bin/../lib/gcc/arm-none-eabi/10.3.1/../../../../arm-none-eabi/lib/thumb/v7-m/nofp\libnosys.a
END GROUP
START GROUP
LOAD c:/st/stm32cubeide_1.11.2/stm32cubeide/plugins/com.st.stm32cube.ide.mcu.externaltools.gnu-tools-for-stm32.10.3-2021.10.win32_1.0.200.202301161003/tools/bin/../lib/gcc/arm-none-eabi/10.3.1/thumb/v7-m/nofp\libgcc.a
LOAD c:/st/stm32cubeide_1.11.2/stm32cubeide/plugins/com.st.stm32cube.ide.mcu.externaltools.gnu-tools-for-stm32.10.3-2021.10.win32_1.0.200.202301161003/tools/bin/../lib/gcc/arm-none-eabi/10.3.1/../../../../arm-none-eabi/lib/thumb/v7-m/nofp\libc_nano.a
LOAD c:/st/stm32cubeide_1.11.2/stm32cubeide/plugins/com.st.stm32cube.ide.mcu.externaltools.gnu-tools-for-stm32.10.3-2021.10.win32_1.0.200.202301161003/tools/bin/../lib/gcc/arm-none-eabi/10.3.1/../../../../arm-none-eabi/lib/thumb/v7-m/nofp\libnosys.a
END GROUP
LOAD c:/st/stm32cubeide_1.11.2/stm32cubeide/plugins/com.st.stm32cube.ide.mcu.externaltools.gnu-tools-for-stm32.10.3-2021.10.win32_1.0.200.202301161003/tools/bin/../lib/gcc/arm-none-eabi/10.3.1/thumb/v7-m/nofp/crtend.o
LOAD c:/st/stm32cubeide_1.11.2/stm32cubeide/plugins/com.st.stm32cube.ide.mcu.externaltools.gnu-tools-for-stm32.10.3-2021.10.win32_1.0.200.202301161003/tools/bin/../lib/gcc/arm-none-eabi/10.3.1/thumb/v7-m/nofp/crtn.o
                0x0000000020008000                _estack = (ORIGIN (RAM) + LENGTH (RAM))
                0x0000000000000200                _Min_Heap_Size = 0x200
                0x0000000000000400                _Min_Stack_Size = 0x400

.isr_vector     0x0000000008000000      0x13c
                0x0000000008000000                . = ALIGN (0x4)
 *(.isr_vector)
 .isr_vector    0x0000000008000000      0x13c ./Core/Startup/startup_stm32l152rctx.o
                0x0000000008000000                g_pfnVectors
                0x000000000800013c                . = ALIGN (0x4)

.text           0x0000000008000140     0x4fcc
                0x0000000008000140                . = ALIGN (0x4)
 *(.text)
 .text          0x0000000008000140       0x40 c:/st/stm32cubeide_1.11.2/stm32cubeide/plugins/com.st.stm32cube.ide.mcu.externaltools.gnu-tools-for-stm32.10.3-2021.10.win32_1.0.200.202301161003/tools/bin/../lib/gcc/arm-none-eabi/10.3.1/thumb/v7-m/nofp/crtbegin.o
 .text          0x0000000008000180      0x168 c:/st/stm32cubeide_1.11.2/stm32cubeide/plugins/com.st.stm32cube.ide.mcu.externaltools.gnu-tools-for-stm32.10.3-2021.10.win32_1.0.200.202301161003/tools/bin/../lib/gcc/arm-none-eabi/10.3.1/thumb/v7-m/nofp\libgcc.a(_arm_mulsf3.o)
                0x0000000008000180                __aeabi_fmul
                0x0000000008000180                __mulsf3
 .text          0x00000000080002e8      0x378 c:/st/stm32cubeide_1.11.2/stm32cubeide/plugins/com.st.stm32cube.ide.mcu.externaltools.gnu-tools-for-stm32.10.3-2021.10.win32_1.0.200.202301161003/tools/bin/../lib/gcc/arm-none-eabi/10.3.1/thumb/v7-m/nofp\libgcc.a(_arm_addsubdf3.o)
                0x00000000080002e8                __aeabi_drsub
                0x00000000080002f0                __aeabi_dsub
                0x00000000080002f0                __subdf3
                0x00000000080002f4                __aeabi_dadd
                0x00000000080002f4                __adddf3
                0x000000000800056c                __floatunsidf
                0x000000000800056c                __aeabi_ui2d
                0x000000000800058c                __floatsidf
                0x000000000800058c                __aeabi_i2d
                0x00000000080005b0                __aeabi_f2d
                0x00000000080005b0                __extendsfdf2
                0x00000000080005f4                __floatundidf
                0x00000000080005f4                __aeabi_ul2d
                0x0000000008000604                __floatdidf
                0x0000000008000604                __aeabi_l2d
 .text          0x0000000008000660      0x424 c:/st/stm32cubeide_1.11.2/stm32cubeide/plugins/com.st.stm32cube.ide.mcu.externaltools.gnu-tools-for-stm32.10.3-2021.10.win32_1.0.200.202301161003/tools/bin/../lib/gcc/arm-none-eabi/10.3.1/thumb/v7-m/nofp\libgcc.a(_arm_muldivdf3.o)
                0x0000000008000660                __aeabi_dmul
                0x0000000008000660                __muldf3
                0x00000000080008b4                __divdf3
                0x00000000080008b4                __aeabi_ddiv
 .text          0x0000000008000a84       0x50 c:/st/stm32cubeide_1.11.2/stm32cubeide/plugins/com.st.stm32cube.ide.mcu.externaltools.gnu-tools-for-stm32.10.3-2021.10.win32_1.0.200.202301161003/tools/bin/../lib/gcc/arm-none-eabi/10.3.1/thumb/v7-m/nofp\libgcc.a(_arm_fixdfsi.o)
                0x0000000008000a84                __aeabi_d2iz
                0x0000000008000a84                __fixdfsi
 .text          0x0000000008000ad4       0xa0 c:/st/stm32cubeide_1.11.2/stm32cubeide/plugins/com.st.stm32cube.ide.mcu.externaltools.gnu-tools-for-stm32.10.3-2021.10.win32_1.0.200.202301161003/tools/bin/../lib/gcc/arm-none-eabi/10.3.1/thumb/v7-m/nofp\libgcc.a(_arm_truncdfsf2.o)
                0x0000000008000ad4                __truncdfsf2
                0x0000000008000ad4                __aeabi_d2f
 .text          0x0000000008000b74      0x21c c:/st/stm32cubeide_1.11.2/stm32cubeide/plugins/com.st.stm32cube.ide.mcu.externaltools.gnu-tools-for-stm32.10.3-2021.10.win32_1.0.200.202301161003/tools/bin/../lib/gcc/arm-none-eabi/10.3.1/thumb/v7-m/nofp\libgcc.a(_arm_addsubsf3.o)
                0x0000000008000b74                __aeabi_frsub
                0x0000000008000b7c                __subsf3
                0x0000000008000b7c                __aeabi_fsub
                0x0000000008000b80                __aeabi_fadd
                0x0000000008000b80                __addsf3
                0x0000000008000ce0                __aeabi_ui2f
                0x0000000008000ce0                __floatunsisf
                0x0000000008000ce8                __aeabi_i2f
                0x0000000008000ce8                __floatsisf
                0x0000000008000d04                __aeabi_ul2f
                0x0000000008000d04                __floatundisf
                0x0000000008000d14                __aeabi_l2f
                0x0000000008000d14                __floatdisf
 .text          0x0000000008000d90       0x4c c:/st/stm32cubeide_1.11.2/stm32cubeide/plugins/com.st.stm32cube.ide.mcu.externaltools.gnu-tools-for-stm32.10.3-2021.10.win32_1.0.200.202301161003/tools/bin/../lib/gcc/arm-none-eabi/10.3.1/thumb/v7-m/nofp\libgcc.a(_arm_fixsfsi.o)
                0x0000000008000d90                __aeabi_f2iz
                0x0000000008000d90                __fixsfsi
 .text          0x0000000008000ddc       0x30 c:/st/stm32cubeide_1.11.2/stm32cubeide/plugins/com.st.stm32cube.ide.mcu.externaltools.gnu-tools-for-stm32.10.3-2021.10.win32_1.0.200.202301161003/tools/bin/../lib/gcc/arm-none-eabi/10.3.1/thumb/v7-m/nofp\libgcc.a(_aeabi_uldivmod.o)
                0x0000000008000ddc                __aeabi_uldivmod
 .text          0x0000000008000e0c      0x2d4 c:/st/stm32cubeide_1.11.2/stm32cubeide/plugins/com.st.stm32cube.ide.mcu.externaltools.gnu-tools-for-stm32.10.3-2021.10.win32_1.0.200.202301161003/tools/bin/../lib/gcc/arm-none-eabi/10.3.1/thumb/v7-m/nofp\libgcc.a(_udivmoddi4.o)
                0x0000000008000e0c                __udivmoddi4
 .text          0x00000000080010e0        0x4 c:/st/stm32cubeide_1.11.2/stm32cubeide/plugins/com.st.stm32cube.ide.mcu.externaltools.gnu-tools-for-stm32.10.3-2021.10.win32_1.0.200.202301161003/tools/bin/../lib/gcc/arm-none-eabi/10.3.1/thumb/v7-m/nofp\libgcc.a(_dvmd_tls.o)
                0x00000000080010e0                __aeabi_idiv0
                0x00000000080010e0                __aeabi_ldiv0
 *(.text*)
 .text.TIM3_IRQHandler
                0x00000000080010e4       0xdc ./Core/Src/main.o
                0x00000000080010e4                TIM3_IRQHandler
 .text.TIM2_IRQHandler
                0x00000000080011c0      0x14c ./Core/Src/main.o
                0x00000000080011c0                TIM2_IRQHandler
 .text.main     0x000000000800130c       0xf0 ./Core/Src/main.o
                0x000000000800130c                main
 .text.SystemClock_Config
                0x00000000080013fc       0x9c ./Core/Src/main.o
                0x00000000080013fc                SystemClock_Config
 .text.MX_ADC_Init
                0x0000000008001498       0xb4 ./Core/Src/main.o
 .text.MX_TIM2_Init
                0x000000000800154c       0x98 ./Core/Src/main.o
 .text.MX_TIM3_Init
                0x00000000080015e4       0x9c ./Core/Src/main.o
 .text.MX_TIM4_Init
                0x0000000008001680       0x9c ./Core/Src/main.o
 .text.MX_TS_Init
                0x000000000800171c        0xc ./Core/Src/main.o
 .text.MX_USART1_UART_Init
                0x0000000008001728       0x54 ./Core/Src/main.o
 .text.MX_GPIO_Init
                0x000000000800177c      0x138 ./Core/Src/main.o
 .text.HAL_UART_RxCpltCallback
                0x00000000080018b4      0x10c ./Core/Src/main.o
                0x00000000080018b4                HAL_UART_RxCpltCallback
 .text.Error_Handler
                0x00000000080019c0        0xa ./Core/Src/main.o
                0x00000000080019c0                Error_Handler
 .text.initGPIOPin
                0x00000000080019ca       0x66 ./Core/Src/robot.o
 .text.initOutputGPIOPin
                0x0000000008001a30       0x4e ./Core/Src/robot.o
 .text.initAFGPIOPin
                0x0000000008001a7e       0xb6 ./Core/Src/robot.o
 .text.initTimer4
                0x0000000008001b34       0x6c ./Core/Src/robot.o
 .text.initDriveModule
                0x0000000008001ba0       0xe4 ./Core/Src/robot.o
 .text.initTimer2
                0x0000000008001c84       0xe8 ./Core/Src/robot.o
 .text.initTimer3
                0x0000000008001d6c       0xd8 ./Core/Src/robot.o
 .text.initUltrasonicAndBuzzerModule
                0x0000000008001e44       0x8c ./Core/Src/robot.o
 .text.initSpeedSelectorModule
                0x0000000008001ed0       0xc4 ./Core/Src/robot.o
 .text.initBluetoothModule
                0x0000000008001f94       0x44 ./Core/Src/robot.o
 .text.updateStatusBuzzer
                0x0000000008001fd8       0x64 ./Core/Src/robot.o
                0x0000000008001fd8                updateStatusBuzzer
 .text.updateStatusGPIOPin
                0x000000000800203c       0x5c ./Core/Src/robot.o
                0x000000000800203c                updateStatusGPIOPin
 .text.updateStatusMotor
                0x0000000008002098       0xe8 ./Core/Src/robot.o
 .text.updateStatusMode
                0x0000000008002180       0x40 ./Core/Src/robot.o
                0x0000000008002180                updateStatusMode
 .text.updateStatusRobot
                0x00000000080021c0      0x110 ./Core/Src/robot.o
                0x00000000080021c0                updateStatusRobot
 .text.updateSpeedRobot
                0x00000000080022d0       0x44 ./Core/Src/robot.o
                0x00000000080022d0                updateSpeedRobot
 .text.createRobot
                0x0000000008002314       0x68 ./Core/Src/robot.o
                0x0000000008002314                createRobot
 .text.toggleGPIOPin
                0x000000000800237c       0x60 ./Core/Src/robot.o
                0x000000000800237c                toggleGPIOPin
 .text.updateBuzzer
                0x00000000080023dc       0x40 ./Core/Src/robot.o
                0x00000000080023dc                updateBuzzer
 *fill*         0x000000000800241c        0x4 
 .text.updateMaxSpeed
                0x0000000008002420       0xa4 ./Core/Src/robot.o
                0x0000000008002420                updateMaxSpeed
 *fill*         0x00000000080024c4        0x4 
 .text.updateRobot
                0x00000000080024c8      0x134 ./Core/Src/robot.o
                0x00000000080024c8                updateRobot
 .text.receiveData
                0x00000000080025fc       0x1c ./Core/Src/robot.o
                0x00000000080025fc                receiveData
 .text.sendDistanceData
                0x0000000008002618       0x88 ./Core/Src/robot.o
                0x0000000008002618                sendDistanceData
 .text.sendData
                0x00000000080026a0       0x48 ./Core/Src/robot.o
                0x00000000080026a0                sendData
 .text.HAL_MspInit
                0x00000000080026e8       0x60 ./Core/Src/stm32l1xx_hal_msp.o
                0x00000000080026e8                HAL_MspInit
 .text.HAL_ADC_MspInit
                0x0000000008002748       0x80 ./Core/Src/stm32l1xx_hal_msp.o
                0x0000000008002748                HAL_ADC_MspInit
 .text.HAL_TIM_Base_MspInit
                0x00000000080027c8       0x88 ./Core/Src/stm32l1xx_hal_msp.o
                0x00000000080027c8                HAL_TIM_Base_MspInit
 .text.HAL_UART_MspInit
                0x0000000008002850       0x98 ./Core/Src/stm32l1xx_hal_msp.o
                0x0000000008002850                HAL_UART_MspInit
 .text.NMI_Handler
                0x00000000080028e8        0x6 ./Core/Src/stm32l1xx_it.o
                0x00000000080028e8                NMI_Handler
 .text.HardFault_Handler
                0x00000000080028ee        0x6 ./Core/Src/stm32l1xx_it.o
                0x00000000080028ee                HardFault_Handler
 .text.MemManage_Handler
                0x00000000080028f4        0x6 ./Core/Src/stm32l1xx_it.o
                0x00000000080028f4                MemManage_Handler
 .text.BusFault_Handler
                0x00000000080028fa        0x6 ./Core/Src/stm32l1xx_it.o
                0x00000000080028fa                BusFault_Handler
 .text.UsageFault_Handler
                0x0000000008002900        0x6 ./Core/Src/stm32l1xx_it.o
                0x0000000008002900                UsageFault_Handler
 .text.SVC_Handler
                0x0000000008002906        0xc ./Core/Src/stm32l1xx_it.o
                0x0000000008002906                SVC_Handler
 .text.DebugMon_Handler
                0x0000000008002912        0xc ./Core/Src/stm32l1xx_it.o
                0x0000000008002912                DebugMon_Handler
 .text.PendSV_Handler
                0x000000000800291e        0xc ./Core/Src/stm32l1xx_it.o
                0x000000000800291e                PendSV_Handler
 .text.SysTick_Handler
                0x000000000800292a        0xc ./Core/Src/stm32l1xx_it.o
                0x000000000800292a                SysTick_Handler
 *fill*         0x0000000008002936        0x2 
 .text.USART1_IRQHandler
                0x0000000008002938       0x14 ./Core/Src/stm32l1xx_it.o
                0x0000000008002938                USART1_IRQHandler
 .text.SystemInit
                0x000000000800294c        0xc ./Core/Src/system_stm32l1xx.o
                0x000000000800294c                SystemInit
 .text.Reset_Handler
                0x0000000008002958       0x48 ./Core/Startup/startup_stm32l152rctx.o
                0x0000000008002958                Reset_Handler
 .text.Default_Handler
                0x00000000080029a0        0x2 ./Core/Startup/startup_stm32l152rctx.o
                0x00000000080029a0                RTC_Alarm_IRQHandler
                0x00000000080029a0                EXTI2_IRQHandler
                0x00000000080029a0                COMP_ACQ_IRQHandler
                0x00000000080029a0                TIM10_IRQHandler
                0x00000000080029a0                USB_HP_IRQHandler
                0x00000000080029a0                TIM6_IRQHandler
                0x00000000080029a0                PVD_IRQHandler
                0x00000000080029a0                EXTI3_IRQHandler
                0x00000000080029a0                EXTI0_IRQHandler
                0x00000000080029a0                I2C2_EV_IRQHandler
                0x00000000080029a0                SPI1_IRQHandler
                0x00000000080029a0                USB_FS_WKUP_IRQHandler
                0x00000000080029a0                DMA2_Channel2_IRQHandler
                0x00000000080029a0                DMA1_Channel4_IRQHandler
                0x00000000080029a0                ADC1_IRQHandler
                0x00000000080029a0                USART3_IRQHandler
                0x00000000080029a0                DMA1_Channel7_IRQHandler
                0x00000000080029a0                LCD_IRQHandler
                0x00000000080029a0                TIM4_IRQHandler
                0x00000000080029a0                DMA2_Channel1_IRQHandler
                0x00000000080029a0                I2C1_EV_IRQHandler
                0x00000000080029a0                DMA1_Channel6_IRQHandler
                0x00000000080029a0                DMA2_Channel4_IRQHandler
                0x00000000080029a0                RCC_IRQHandler
                0x00000000080029a0                DMA1_Channel1_IRQHandler
                0x00000000080029a0                Default_Handler
                0x00000000080029a0                EXTI15_10_IRQHandler
                0x00000000080029a0                TIM7_IRQHandler
                0x00000000080029a0                TIM5_IRQHandler
                0x00000000080029a0                EXTI9_5_IRQHandler
                0x00000000080029a0                TIM9_IRQHandler
                0x00000000080029a0                TAMPER_STAMP_IRQHandler
                0x00000000080029a0                RTC_WKUP_IRQHandler
                0x00000000080029a0                SPI2_IRQHandler
                0x00000000080029a0                DMA2_Channel5_IRQHandler
                0x00000000080029a0                DMA1_Channel5_IRQHandler
                0x00000000080029a0                USB_LP_IRQHandler
                0x00000000080029a0                EXTI4_IRQHandler
                0x00000000080029a0                DMA1_Channel3_IRQHandler
                0x00000000080029a0                COMP_IRQHandler
                0x00000000080029a0                WWDG_IRQHandler
                0x00000000080029a0                DAC_IRQHandler
                0x00000000080029a0                EXTI1_IRQHandler
                0x00000000080029a0                TIM11_IRQHandler
                0x00000000080029a0                USART2_IRQHandler
                0x00000000080029a0                I2C2_ER_IRQHandler
                0x00000000080029a0                DMA1_Channel2_IRQHandler
                0x00000000080029a0                FLASH_IRQHandler
                0x00000000080029a0                SPI3_IRQHandler
                0x00000000080029a0                I2C1_ER_IRQHandler
                0x00000000080029a0                DMA2_Channel3_IRQHandler
 .text.HAL_Init
                0x00000000080029a2       0x30 ./Drivers/STM32L1xx_HAL_Driver/Src/stm32l1xx_hal.o
                0x00000000080029a2                HAL_Init
 *fill*         0x00000000080029d2        0x2 
 .text.HAL_InitTick
                0x00000000080029d4       0x74 ./Drivers/STM32L1xx_HAL_Driver/Src/stm32l1xx_hal.o
                0x00000000080029d4                HAL_InitTick
 .text.HAL_IncTick
                0x0000000008002a48       0x24 ./Drivers/STM32L1xx_HAL_Driver/Src/stm32l1xx_hal.o
                0x0000000008002a48                HAL_IncTick
 .text.HAL_GetTick
                0x0000000008002a6c       0x14 ./Drivers/STM32L1xx_HAL_Driver/Src/stm32l1xx_hal.o
                0x0000000008002a6c                HAL_GetTick
 .text.HAL_ADC_Init
                0x0000000008002a80      0x28c ./Drivers/STM32L1xx_HAL_Driver/Src/stm32l1xx_hal_adc.o
                0x0000000008002a80                HAL_ADC_Init
 .text.HAL_ADC_ConfigChannel
                0x0000000008002d0c      0x2a0 ./Drivers/STM32L1xx_HAL_Driver/Src/stm32l1xx_hal_adc.o
                0x0000000008002d0c                HAL_ADC_ConfigChannel
 .text.__NVIC_SetPriorityGrouping
                0x0000000008002fac       0x48 ./Drivers/STM32L1xx_HAL_Driver/Src/stm32l1xx_hal_cortex.o
 .text.__NVIC_GetPriorityGrouping
                0x0000000008002ff4       0x1c ./Drivers/STM32L1xx_HAL_Driver/Src/stm32l1xx_hal_cortex.o
 .text.__NVIC_EnableIRQ
                0x0000000008003010       0x38 ./Drivers/STM32L1xx_HAL_Driver/Src/stm32l1xx_hal_cortex.o
 .text.__NVIC_SetPriority
                0x0000000008003048       0x54 ./Drivers/STM32L1xx_HAL_Driver/Src/stm32l1xx_hal_cortex.o
 .text.NVIC_EncodePriority
                0x000000000800309c       0x64 ./Drivers/STM32L1xx_HAL_Driver/Src/stm32l1xx_hal_cortex.o
 .text.SysTick_Config
                0x0000000008003100       0x44 ./Drivers/STM32L1xx_HAL_Driver/Src/stm32l1xx_hal_cortex.o
 .text.HAL_NVIC_SetPriorityGrouping
                0x0000000008003144       0x16 ./Drivers/STM32L1xx_HAL_Driver/Src/stm32l1xx_hal_cortex.o
                0x0000000008003144                HAL_NVIC_SetPriorityGrouping
 .text.HAL_NVIC_SetPriority
                0x000000000800315a       0x38 ./Drivers/STM32L1xx_HAL_Driver/Src/stm32l1xx_hal_cortex.o
                0x000000000800315a                HAL_NVIC_SetPriority
 .text.HAL_NVIC_EnableIRQ
                0x0000000008003192       0x1c ./Drivers/STM32L1xx_HAL_Driver/Src/stm32l1xx_hal_cortex.o
                0x0000000008003192                HAL_NVIC_EnableIRQ
 .text.HAL_SYSTICK_Config
                0x00000000080031ae       0x18 ./Drivers/STM32L1xx_HAL_Driver/Src/stm32l1xx_hal_cortex.o
                0x00000000080031ae                HAL_SYSTICK_Config
 .text.HAL_DMA_Abort
                0x00000000080031c6       0x7a ./Drivers/STM32L1xx_HAL_Driver/Src/stm32l1xx_hal_dma.o
                0x00000000080031c6                HAL_DMA_Abort
 .text.HAL_DMA_Abort_IT
                0x0000000008003240       0x82 ./Drivers/STM32L1xx_HAL_Driver/Src/stm32l1xx_hal_dma.o
                0x0000000008003240                HAL_DMA_Abort_IT
 *fill*         0x00000000080032c2        0x2 
 .text.HAL_GPIO_Init
                0x00000000080032c4      0x300 ./Drivers/STM32L1xx_HAL_Driver/Src/stm32l1xx_hal_gpio.o
                0x00000000080032c4                HAL_GPIO_Init
 .text.HAL_GPIO_WritePin
                0x00000000080035c4       0x30 ./Drivers/STM32L1xx_HAL_Driver/Src/stm32l1xx_hal_gpio.o
                0x00000000080035c4                HAL_GPIO_WritePin
 .text.HAL_RCC_OscConfig
                0x00000000080035f4      0x660 ./Drivers/STM32L1xx_HAL_Driver/Src/stm32l1xx_hal_rcc.o
                0x00000000080035f4                HAL_RCC_OscConfig
 .text.HAL_RCC_ClockConfig
                0x0000000008003c54      0x268 ./Drivers/STM32L1xx_HAL_Driver/Src/stm32l1xx_hal_rcc.o
                0x0000000008003c54                HAL_RCC_ClockConfig
 .text.HAL_RCC_GetSysClockFreq
                0x0000000008003ebc      0x200 ./Drivers/STM32L1xx_HAL_Driver/Src/stm32l1xx_hal_rcc.o
                0x0000000008003ebc                HAL_RCC_GetSysClockFreq
 .text.HAL_RCC_GetHCLKFreq
                0x00000000080040bc       0x14 ./Drivers/STM32L1xx_HAL_Driver/Src/stm32l1xx_hal_rcc.o
                0x00000000080040bc                HAL_RCC_GetHCLKFreq
 .text.HAL_RCC_GetPCLK1Freq
                0x00000000080040d0       0x28 ./Drivers/STM32L1xx_HAL_Driver/Src/stm32l1xx_hal_rcc.o
                0x00000000080040d0                HAL_RCC_GetPCLK1Freq
 .text.HAL_RCC_GetPCLK2Freq
                0x00000000080040f8       0x28 ./Drivers/STM32L1xx_HAL_Driver/Src/stm32l1xx_hal_rcc.o
                0x00000000080040f8                HAL_RCC_GetPCLK2Freq
 .text.RCC_SetFlashLatencyFromMSIRange
                0x0000000008004120       0xc0 ./Drivers/STM32L1xx_HAL_Driver/Src/stm32l1xx_hal_rcc.o
 .text.HAL_TIM_Base_Init
                0x00000000080041e0       0x7e ./Drivers/STM32L1xx_HAL_Driver/Src/stm32l1xx_hal_tim.o
                0x00000000080041e0                HAL_TIM_Base_Init
 .text.HAL_TIM_ConfigClockSource
                0x000000000800425e      0x188 ./Drivers/STM32L1xx_HAL_Driver/Src/stm32l1xx_hal_tim.o
                0x000000000800425e                HAL_TIM_ConfigClockSource
 *fill*         0x00000000080043e6        0x2 
 .text.TIM_Base_SetConfig
                0x00000000080043e8       0xe0 ./Drivers/STM32L1xx_HAL_Driver/Src/stm32l1xx_hal_tim.o
 .text.TIM_TI1_ConfigInputStage
                0x00000000080044c8       0x5c ./Drivers/STM32L1xx_HAL_Driver/Src/stm32l1xx_hal_tim.o
 .text.TIM_TI2_ConfigInputStage
                0x0000000008004524       0x5e ./Drivers/STM32L1xx_HAL_Driver/Src/stm32l1xx_hal_tim.o
 .text.TIM_ITRx_SetConfig
                0x0000000008004582       0x34 ./Drivers/STM32L1xx_HAL_Driver/Src/stm32l1xx_hal_tim.o
 .text.TIM_ETR_SetConfig
                0x00000000080045b6       0x3e ./Drivers/STM32L1xx_HAL_Driver/Src/stm32l1xx_hal_tim.o
 .text.HAL_TIMEx_MasterConfigSynchronization
                0x00000000080045f4       0xbc ./Drivers/STM32L1xx_HAL_Driver/Src/stm32l1xx_hal_tim_ex.o
                0x00000000080045f4                HAL_TIMEx_MasterConfigSynchronization
 .text.HAL_UART_Init
                0x00000000080046b0       0x9a ./Drivers/STM32L1xx_HAL_Driver/Src/stm32l1xx_hal_uart.o
                0x00000000080046b0                HAL_UART_Init
 .text.HAL_UART_Transmit_IT
                0x000000000800474a       0x88 ./Drivers/STM32L1xx_HAL_Driver/Src/stm32l1xx_hal_uart.o
                0x000000000800474a                HAL_UART_Transmit_IT
 .text.HAL_UART_Receive_IT
                0x00000000080047d2       0x60 ./Drivers/STM32L1xx_HAL_Driver/Src/stm32l1xx_hal_uart.o
                0x00000000080047d2                HAL_UART_Receive_IT
 *fill*         0x0000000008004832        0x2 
 .text.HAL_UART_IRQHandler
                0x0000000008004834      0x354 ./Drivers/STM32L1xx_HAL_Driver/Src/stm32l1xx_hal_uart.o
                0x0000000008004834                HAL_UART_IRQHandler
 .text.HAL_UART_TxCpltCallback
                0x0000000008004b88       0x12 ./Drivers/STM32L1xx_HAL_Driver/Src/stm32l1xx_hal_uart.o
                0x0000000008004b88                HAL_UART_TxCpltCallback
 .text.HAL_UART_ErrorCallback
                0x0000000008004b9a       0x12 ./Drivers/STM32L1xx_HAL_Driver/Src/stm32l1xx_hal_uart.o
                0x0000000008004b9a                HAL_UART_ErrorCallback
 .text.HAL_UARTEx_RxEventCallback
                0x0000000008004bac       0x16 ./Drivers/STM32L1xx_HAL_Driver/Src/stm32l1xx_hal_uart.o
                0x0000000008004bac                HAL_UARTEx_RxEventCallback
 .text.UART_Start_Receive_IT
                0x0000000008004bc2       0x72 ./Drivers/STM32L1xx_HAL_Driver/Src/stm32l1xx_hal_uart.o
                0x0000000008004bc2                UART_Start_Receive_IT
 .text.UART_EndRxTransfer
                0x0000000008004c34       0x58 ./Drivers/STM32L1xx_HAL_Driver/Src/stm32l1xx_hal_uart.o
 .text.UART_DMAAbortOnError
                0x0000000008004c8c       0x28 ./Drivers/STM32L1xx_HAL_Driver/Src/stm32l1xx_hal_uart.o
 .text.UART_Transmit_IT
                0x0000000008004cb4       0x9e ./Drivers/STM32L1xx_HAL_Driver/Src/stm32l1xx_hal_uart.o
 .text.UART_EndTransmit_IT
                0x0000000008004d52       0x30 ./Drivers/STM32L1xx_HAL_Driver/Src/stm32l1xx_hal_uart.o
 .text.UART_Receive_IT
                0x0000000008004d82      0x152 ./Drivers/STM32L1xx_HAL_Driver/Src/stm32l1xx_hal_uart.o
 .text.UART_SetConfig
                0x0000000008004ed4      0x1c8 ./Drivers/STM32L1xx_HAL_Driver/Src/stm32l1xx_hal_uart.o
 .text.__libc_init_array
                0x000000000800509c       0x48 c:/st/stm32cubeide_1.11.2/stm32cubeide/plugins/com.st.stm32cube.ide.mcu.externaltools.gnu-tools-for-stm32.10.3-2021.10.win32_1.0.200.202301161003/tools/bin/../lib/gcc/arm-none-eabi/10.3.1/../../../../arm-none-eabi/lib/thumb/v7-m/nofp\libc_nano.a(lib_a-init.o)
                0x000000000800509c                __libc_init_array
 .text.memset   0x00000000080050e4       0x10 c:/st/stm32cubeide_1.11.2/stm32cubeide/plugins/com.st.stm32cube.ide.mcu.externaltools.gnu-tools-for-stm32.10.3-2021.10.win32_1.0.200.202301161003/tools/bin/../lib/gcc/arm-none-eabi/10.3.1/../../../../arm-none-eabi/lib/thumb/v7-m/nofp\libc_nano.a(lib_a-memset.o)
                0x00000000080050e4                memset
 *(.glue_7)
 .glue_7        0x00000000080050f4        0x0 linker stubs
 *(.glue_7t)
 .glue_7t       0x00000000080050f4        0x0 linker stubs
 *(.eh_frame)
 .eh_frame      0x00000000080050f4        0x0 c:/st/stm32cubeide_1.11.2/stm32cubeide/plugins/com.st.stm32cube.ide.mcu.externaltools.gnu-tools-for-stm32.10.3-2021.10.win32_1.0.200.202301161003/tools/bin/../lib/gcc/arm-none-eabi/10.3.1/thumb/v7-m/nofp/crtbegin.o
 *(.init)
 .init          0x00000000080050f4        0x4 c:/st/stm32cubeide_1.11.2/stm32cubeide/plugins/com.st.stm32cube.ide.mcu.externaltools.gnu-tools-for-stm32.10.3-2021.10.win32_1.0.200.202301161003/tools/bin/../lib/gcc/arm-none-eabi/10.3.1/thumb/v7-m/nofp/crti.o
                0x00000000080050f4                _init
 .init          0x00000000080050f8        0x8 c:/st/stm32cubeide_1.11.2/stm32cubeide/plugins/com.st.stm32cube.ide.mcu.externaltools.gnu-tools-for-stm32.10.3-2021.10.win32_1.0.200.202301161003/tools/bin/../lib/gcc/arm-none-eabi/10.3.1/thumb/v7-m/nofp/crtn.o
 *(.fini)
 .fini          0x0000000008005100        0x4 c:/st/stm32cubeide_1.11.2/stm32cubeide/plugins/com.st.stm32cube.ide.mcu.externaltools.gnu-tools-for-stm32.10.3-2021.10.win32_1.0.200.202301161003/tools/bin/../lib/gcc/arm-none-eabi/10.3.1/thumb/v7-m/nofp/crti.o
                0x0000000008005100                _fini
 .fini          0x0000000008005104        0x8 c:/st/stm32cubeide_1.11.2/stm32cubeide/plugins/com.st.stm32cube.ide.mcu.externaltools.gnu-tools-for-stm32.10.3-2021.10.win32_1.0.200.202301161003/tools/bin/../lib/gcc/arm-none-eabi/10.3.1/thumb/v7-m/nofp/crtn.o
                0x000000000800510c                . = ALIGN (0x4)
                0x000000000800510c                _etext = .

.vfp11_veneer   0x000000000800510c        0x0
 .vfp11_veneer  0x000000000800510c        0x0 linker stubs

.v4_bx          0x000000000800510c        0x0
 .v4_bx         0x000000000800510c        0x0 linker stubs

.iplt           0x000000000800510c        0x0
 .iplt          0x000000000800510c        0x0 c:/st/stm32cubeide_1.11.2/stm32cubeide/plugins/com.st.stm32cube.ide.mcu.externaltools.gnu-tools-for-stm32.10.3-2021.10.win32_1.0.200.202301161003/tools/bin/../lib/gcc/arm-none-eabi/10.3.1/thumb/v7-m/nofp/crtbegin.o

.rodata         0x000000000800510c      0x120
                0x000000000800510c                . = ALIGN (0x4)
 *(.rodata)
 .rodata        0x000000000800510c       0xf9 ./Core/Src/robot.o
 *(.rodata*)
 *fill*         0x0000000008005205        0x3 
 .rodata.PLLMulTable
                0x0000000008005208        0x9 ./Core/Src/system_stm32l1xx.o
                0x0000000008005208                PLLMulTable
 *fill*         0x0000000008005211        0x3 
 .rodata.AHBPrescTable
                0x0000000008005214       0x10 ./Core/Src/system_stm32l1xx.o
                0x0000000008005214                AHBPrescTable
 .rodata.APBPrescTable
                0x0000000008005224        0x8 ./Core/Src/system_stm32l1xx.o
                0x0000000008005224                APBPrescTable
                0x000000000800522c                . = ALIGN (0x4)

.ARM.extab      0x000000000800522c        0x0
                0x000000000800522c                . = ALIGN (0x4)
 *(.ARM.extab* .gnu.linkonce.armextab.*)
                0x000000000800522c                . = ALIGN (0x4)

.ARM            0x000000000800522c        0x8
                0x000000000800522c                . = ALIGN (0x4)
                0x000000000800522c                __exidx_start = .
 *(.ARM.exidx*)
 .ARM.exidx     0x000000000800522c        0x8 c:/st/stm32cubeide_1.11.2/stm32cubeide/plugins/com.st.stm32cube.ide.mcu.externaltools.gnu-tools-for-stm32.10.3-2021.10.win32_1.0.200.202301161003/tools/bin/../lib/gcc/arm-none-eabi/10.3.1/thumb/v7-m/nofp\libgcc.a(_udivmoddi4.o)
                0x0000000008005234                __exidx_end = .
                0x0000000008005234                . = ALIGN (0x4)

.rel.dyn        0x0000000008005234        0x0
 .rel.iplt      0x0000000008005234        0x0 c:/st/stm32cubeide_1.11.2/stm32cubeide/plugins/com.st.stm32cube.ide.mcu.externaltools.gnu-tools-for-stm32.10.3-2021.10.win32_1.0.200.202301161003/tools/bin/../lib/gcc/arm-none-eabi/10.3.1/thumb/v7-m/nofp/crtbegin.o

.preinit_array  0x0000000008005234        0x0
                0x0000000008005234                . = ALIGN (0x4)
                0x0000000008005234                PROVIDE (__preinit_array_start = .)
 *(.preinit_array*)
                0x0000000008005234                PROVIDE (__preinit_array_end = .)
                0x0000000008005234                . = ALIGN (0x4)

.init_array     0x0000000008005234        0x4
                0x0000000008005234                . = ALIGN (0x4)
                0x0000000008005234                PROVIDE (__init_array_start = .)
 *(SORT_BY_NAME(.init_array.*))
 *(.init_array*)
 .init_array    0x0000000008005234        0x4 c:/st/stm32cubeide_1.11.2/stm32cubeide/plugins/com.st.stm32cube.ide.mcu.externaltools.gnu-tools-for-stm32.10.3-2021.10.win32_1.0.200.202301161003/tools/bin/../lib/gcc/arm-none-eabi/10.3.1/thumb/v7-m/nofp/crtbegin.o
                0x0000000008005238                PROVIDE (__init_array_end = .)
                0x0000000008005238                . = ALIGN (0x4)

.fini_array     0x0000000008005238        0x4
                0x0000000008005238                . = ALIGN (0x4)
                [!provide]                        PROVIDE (__fini_array_start = .)
 *(SORT_BY_NAME(.fini_array.*))
 *(.fini_array*)
 .fini_array    0x0000000008005238        0x4 c:/st/stm32cubeide_1.11.2/stm32cubeide/plugins/com.st.stm32cube.ide.mcu.externaltools.gnu-tools-for-stm32.10.3-2021.10.win32_1.0.200.202301161003/tools/bin/../lib/gcc/arm-none-eabi/10.3.1/thumb/v7-m/nofp/crtbegin.o
                [!provide]                        PROVIDE (__fini_array_end = .)
                0x000000000800523c                . = ALIGN (0x4)
                0x000000000800523c                _sidata = LOADADDR (.data)

.data           0x0000000020000000        0xc load address 0x000000000800523c
                0x0000000020000000                . = ALIGN (0x4)
                0x0000000020000000                _sdata = .
 *(.data)
 *(.data*)
 .data.SystemCoreClock
                0x0000000020000000        0x4 ./Core/Src/system_stm32l1xx.o
                0x0000000020000000                SystemCoreClock
 .data.uwTickPrio
                0x0000000020000004        0x4 ./Drivers/STM32L1xx_HAL_Driver/Src/stm32l1xx_hal.o
                0x0000000020000004                uwTickPrio
 .data.uwTickFreq
                0x0000000020000008        0x4 ./Drivers/STM32L1xx_HAL_Driver/Src/stm32l1xx_hal.o
                0x0000000020000008                uwTickFreq
 *(.RamFunc)
 *(.RamFunc*)
                0x000000002000000c                . = ALIGN (0x4)
                0x000000002000000c                _edata = .

.igot.plt       0x000000002000000c        0x0 load address 0x0000000008005248
 .igot.plt      0x000000002000000c        0x0 c:/st/stm32cubeide_1.11.2/stm32cubeide/plugins/com.st.stm32cube.ide.mcu.externaltools.gnu-tools-for-stm32.10.3-2021.10.win32_1.0.200.202301161003/tools/bin/../lib/gcc/arm-none-eabi/10.3.1/thumb/v7-m/nofp/crtbegin.o
                0x000000002000000c                . = ALIGN (0x4)

.bss            0x000000002000000c      0x284 load address 0x0000000008005248
                0x000000002000000c                _sbss = .
                0x000000002000000c                __bss_start__ = _sbss
 *(.bss)
 .bss           0x000000002000000c       0x1c c:/st/stm32cubeide_1.11.2/stm32cubeide/plugins/com.st.stm32cube.ide.mcu.externaltools.gnu-tools-for-stm32.10.3-2021.10.win32_1.0.200.202301161003/tools/bin/../lib/gcc/arm-none-eabi/10.3.1/thumb/v7-m/nofp/crtbegin.o
 *(.bss*)
 .bss.hadc      0x0000000020000028       0x54 ./Core/Src/main.o
                0x0000000020000028                hadc
 .bss.htim2     0x000000002000007c       0x40 ./Core/Src/main.o
                0x000000002000007c                htim2
 .bss.htim3     0x00000000200000bc       0x40 ./Core/Src/main.o
                0x00000000200000bc                htim3
 .bss.htim4     0x00000000200000fc       0x40 ./Core/Src/main.o
                0x00000000200000fc                htim4
 .bss.huart1    0x000000002000013c       0x44 ./Core/Src/main.o
                0x000000002000013c                huart1
 .bss.g_robot   0x0000000020000180       0x30 ./Core/Src/robot.o
                0x0000000020000180                g_robot
 .bss.s_pin_speed_motor_right
                0x00000000200001b0        0x8 ./Core/Src/robot.o
 .bss.s_pin_direction_motor_right
                0x00000000200001b8        0x8 ./Core/Src/robot.o
 .bss.s_motor_right
                0x00000000200001c0       0x18 ./Core/Src/robot.o
 .bss.s_pin_speed_motor_left
                0x00000000200001d8        0x8 ./Core/Src/robot.o
 .bss.s_pin_direction_motor_left
                0x00000000200001e0        0x8 ./Core/Src/robot.o
 .bss.s_motor_left
                0x00000000200001e8       0x18 ./Core/Src/robot.o
 .bss.s_pin_buzzer
                0x0000000020000200        0x8 ./Core/Src/robot.o
 .bss.s_buzzer  0x0000000020000208        0x8 ./Core/Src/robot.o
 .bss.s_pin_ultrasound_trigger
                0x0000000020000210        0x8 ./Core/Src/robot.o
 .bss.s_pin_ultrasound_echo
                0x0000000020000218        0x8 ./Core/Src/robot.o
 .bss.s_ultrasound
                0x0000000020000220       0x14 ./Core/Src/robot.o
 .bss.s_pin_speed_selector
                0x0000000020000234        0x8 ./Core/Src/robot.o
 .bss.s_speed_selector
                0x000000002000023c        0xc ./Core/Src/robot.o
 .bss.s_data_send
                0x0000000020000248       0x32 ./Core/Src/robot.o
 *fill*         0x000000002000027a        0x2 
 .bss.s_data_received
                0x000000002000027c        0x1 ./Core/Src/robot.o
 *fill*         0x000000002000027d        0x3 
 .bss.s_bluetooth
                0x0000000020000280        0xc ./Core/Src/robot.o
 .bss.uwTick    0x000000002000028c        0x4 ./Drivers/STM32L1xx_HAL_Driver/Src/stm32l1xx_hal.o
                0x000000002000028c                uwTick
 *(COMMON)
                0x0000000020000290                . = ALIGN (0x4)
                0x0000000020000290                _ebss = .
                0x0000000020000290                __bss_end__ = _ebss

._user_heap_stack
                0x0000000020000290      0x600 load address 0x0000000008005248
                0x0000000020000290                . = ALIGN (0x8)
                [!provide]                        PROVIDE (end = .)
                0x0000000020000290                PROVIDE (_end = .)
                0x0000000020000490                . = (. + _Min_Heap_Size)
 *fill*         0x0000000020000290      0x200 
                0x0000000020000890                . = (. + _Min_Stack_Size)
 *fill*         0x0000000020000490      0x400 
                0x0000000020000890                . = ALIGN (0x8)

/DISCARD/
 libc.a(*)
 libm.a(*)
 libgcc.a(*)

.ARM.attributes
                0x0000000000000000       0x29
 *(.ARM.attributes)
 .ARM.attributes
                0x0000000000000000       0x1d c:/st/stm32cubeide_1.11.2/stm32cubeide/plugins/com.st.stm32cube.ide.mcu.externaltools.gnu-tools-for-stm32.10.3-2021.10.win32_1.0.200.202301161003/tools/bin/../lib/gcc/arm-none-eabi/10.3.1/thumb/v7-m/nofp/crti.o
 .ARM.attributes
                0x000000000000001d       0x2d c:/st/stm32cubeide_1.11.2/stm32cubeide/plugins/com.st.stm32cube.ide.mcu.externaltools.gnu-tools-for-stm32.10.3-2021.10.win32_1.0.200.202301161003/tools/bin/../lib/gcc/arm-none-eabi/10.3.1/thumb/v7-m/nofp/crtbegin.o
 .ARM.attributes
                0x000000000000004a       0x2d ./Core/Src/main.o
 .ARM.attributes
                0x0000000000000077       0x2d ./Core/Src/robot.o
 .ARM.attributes
                0x00000000000000a4       0x2d ./Core/Src/stm32l1xx_hal_msp.o
 .ARM.attributes
                0x00000000000000d1       0x2d ./Core/Src/stm32l1xx_it.o
 .ARM.attributes
                0x00000000000000fe       0x2d ./Core/Src/system_stm32l1xx.o
 .ARM.attributes
                0x000000000000012b       0x21 ./Core/Startup/startup_stm32l152rctx.o
 .ARM.attributes
                0x000000000000014c       0x2d ./Drivers/STM32L1xx_HAL_Driver/Src/stm32l1xx_hal.o
 .ARM.attributes
                0x0000000000000179       0x2d ./Drivers/STM32L1xx_HAL_Driver/Src/stm32l1xx_hal_adc.o
 .ARM.attributes
                0x00000000000001a6       0x2d ./Drivers/STM32L1xx_HAL_Driver/Src/stm32l1xx_hal_cortex.o
 .ARM.attributes
                0x00000000000001d3       0x2d ./Drivers/STM32L1xx_HAL_Driver/Src/stm32l1xx_hal_dma.o
 .ARM.attributes
                0x0000000000000200       0x2d ./Drivers/STM32L1xx_HAL_Driver/Src/stm32l1xx_hal_gpio.o
 .ARM.attributes
                0x000000000000022d       0x2d ./Drivers/STM32L1xx_HAL_Driver/Src/stm32l1xx_hal_rcc.o
 .ARM.attributes
                0x000000000000025a       0x2d ./Drivers/STM32L1xx_HAL_Driver/Src/stm32l1xx_hal_tim.o
 .ARM.attributes
                0x0000000000000287       0x2d ./Drivers/STM32L1xx_HAL_Driver/Src/stm32l1xx_hal_tim_ex.o
 .ARM.attributes
                0x00000000000002b4       0x2d ./Drivers/STM32L1xx_HAL_Driver/Src/stm32l1xx_hal_uart.o
 .ARM.attributes
                0x00000000000002e1       0x2d c:/st/stm32cubeide_1.11.2/stm32cubeide/plugins/com.st.stm32cube.ide.mcu.externaltools.gnu-tools-for-stm32.10.3-2021.10.win32_1.0.200.202301161003/tools/bin/../lib/gcc/arm-none-eabi/10.3.1/../../../../arm-none-eabi/lib/thumb/v7-m/nofp\libc_nano.a(lib_a-init.o)
 .ARM.attributes
                0x000000000000030e       0x2d c:/st/stm32cubeide_1.11.2/stm32cubeide/plugins/com.st.stm32cube.ide.mcu.externaltools.gnu-tools-for-stm32.10.3-2021.10.win32_1.0.200.202301161003/tools/bin/../lib/gcc/arm-none-eabi/10.3.1/../../../../arm-none-eabi/lib/thumb/v7-m/nofp\libc_nano.a(lib_a-memset.o)
 .ARM.attributes
                0x000000000000033b       0x1d c:/st/stm32cubeide_1.11.2/stm32cubeide/plugins/com.st.stm32cube.ide.mcu.externaltools.gnu-tools-for-stm32.10.3-2021.10.win32_1.0.200.202301161003/tools/bin/../lib/gcc/arm-none-eabi/10.3.1/thumb/v7-m/nofp\libgcc.a(_arm_mulsf3.o)
 .ARM.attributes
                0x0000000000000358       0x1d c:/st/stm32cubeide_1.11.2/stm32cubeide/plugins/com.st.stm32cube.ide.mcu.externaltools.gnu-tools-for-stm32.10.3-2021.10.win32_1.0.200.202301161003/tools/bin/../lib/gcc/arm-none-eabi/10.3.1/thumb/v7-m/nofp\libgcc.a(_arm_addsubdf3.o)
 .ARM.attributes
                0x0000000000000375       0x1d c:/st/stm32cubeide_1.11.2/stm32cubeide/plugins/com.st.stm32cube.ide.mcu.externaltools.gnu-tools-for-stm32.10.3-2021.10.win32_1.0.200.202301161003/tools/bin/../lib/gcc/arm-none-eabi/10.3.1/thumb/v7-m/nofp\libgcc.a(_arm_muldivdf3.o)
 .ARM.attributes
                0x0000000000000392       0x1d c:/st/stm32cubeide_1.11.2/stm32cubeide/plugins/com.st.stm32cube.ide.mcu.externaltools.gnu-tools-for-stm32.10.3-2021.10.win32_1.0.200.202301161003/tools/bin/../lib/gcc/arm-none-eabi/10.3.1/thumb/v7-m/nofp\libgcc.a(_arm_fixdfsi.o)
 .ARM.attributes
                0x00000000000003af       0x1d c:/st/stm32cubeide_1.11.2/stm32cubeide/plugins/com.st.stm32cube.ide.mcu.externaltools.gnu-tools-for-stm32.10.3-2021.10.win32_1.0.200.202301161003/tools/bin/../lib/gcc/arm-none-eabi/10.3.1/thumb/v7-m/nofp\libgcc.a(_arm_truncdfsf2.o)
 .ARM.attributes
                0x00000000000003cc       0x1d c:/st/stm32cubeide_1.11.2/stm32cubeide/plugins/com.st.stm32cube.ide.mcu.externaltools.gnu-tools-for-stm32.10.3-2021.10.win32_1.0.200.202301161003/tools/bin/../lib/gcc/arm-none-eabi/10.3.1/thumb/v7-m/nofp\libgcc.a(_arm_addsubsf3.o)
 .ARM.attributes
                0x00000000000003e9       0x1d c:/st/stm32cubeide_1.11.2/stm32cubeide/plugins/com.st.stm32cube.ide.mcu.externaltools.gnu-tools-for-stm32.10.3-2021.10.win32_1.0.200.202301161003/tools/bin/../lib/gcc/arm-none-eabi/10.3.1/thumb/v7-m/nofp\libgcc.a(_arm_fixsfsi.o)
 .ARM.attributes
                0x0000000000000406       0x1d c:/st/stm32cubeide_1.11.2/stm32cubeide/plugins/com.st.stm32cube.ide.mcu.externaltools.gnu-tools-for-stm32.10.3-2021.10.win32_1.0.200.202301161003/tools/bin/../lib/gcc/arm-none-eabi/10.3.1/thumb/v7-m/nofp\libgcc.a(_aeabi_uldivmod.o)
 .ARM.attributes
                0x0000000000000423       0x2d c:/st/stm32cubeide_1.11.2/stm32cubeide/plugins/com.st.stm32cube.ide.mcu.externaltools.gnu-tools-for-stm32.10.3-2021.10.win32_1.0.200.202301161003/tools/bin/../lib/gcc/arm-none-eabi/10.3.1/thumb/v7-m/nofp\libgcc.a(_udivmoddi4.o)
 .ARM.attributes
                0x0000000000000450       0x1d c:/st/stm32cubeide_1.11.2/stm32cubeide/plugins/com.st.stm32cube.ide.mcu.externaltools.gnu-tools-for-stm32.10.3-2021.10.win32_1.0.200.202301161003/tools/bin/../lib/gcc/arm-none-eabi/10.3.1/thumb/v7-m/nofp\libgcc.a(_dvmd_tls.o)
 .ARM.attributes
                0x000000000000046d       0x1d c:/st/stm32cubeide_1.11.2/stm32cubeide/plugins/com.st.stm32cube.ide.mcu.externaltools.gnu-tools-for-stm32.10.3-2021.10.win32_1.0.200.202301161003/tools/bin/../lib/gcc/arm-none-eabi/10.3.1/thumb/v7-m/nofp/crtn.o
OUTPUT(discovery-lab4.elf elf32-littlearm)
LOAD linker stubs
LOAD c:/st/stm32cubeide_1.11.2/stm32cubeide/plugins/com.st.stm32cube.ide.mcu.externaltools.gnu-tools-for-stm32.10.3-2021.10.win32_1.0.200.202301161003/tools/bin/../lib/gcc/arm-none-eabi/10.3.1/../../../../arm-none-eabi/lib/thumb/v7-m/nofp\libc.a
LOAD c:/st/stm32cubeide_1.11.2/stm32cubeide/plugins/com.st.stm32cube.ide.mcu.externaltools.gnu-tools-for-stm32.10.3-2021.10.win32_1.0.200.202301161003/tools/bin/../lib/gcc/arm-none-eabi/10.3.1/../../../../arm-none-eabi/lib/thumb/v7-m/nofp\libm.a
LOAD c:/st/stm32cubeide_1.11.2/stm32cubeide/plugins/com.st.stm32cube.ide.mcu.externaltools.gnu-tools-for-stm32.10.3-2021.10.win32_1.0.200.202301161003/tools/bin/../lib/gcc/arm-none-eabi/10.3.1/thumb/v7-m/nofp\libgcc.a

.debug_info     0x0000000000000000     0xc5ee
 .debug_info    0x0000000000000000     0x183d ./Core/Src/main.o
 .debug_info    0x000000000000183d     0x1387 ./Core/Src/robot.o
 .debug_info    0x0000000000002bc4     0x115a ./Core/Src/stm32l1xx_hal_msp.o
 .debug_info    0x0000000000003d1e      0x618 ./Core/Src/stm32l1xx_it.o
 .debug_info    0x0000000000004336      0x2a7 ./Core/Src/system_stm32l1xx.o
 .debug_info    0x00000000000045dd       0x22 ./Core/Startup/startup_stm32l152rctx.o
 .debug_info    0x00000000000045ff      0x71a ./Drivers/STM32L1xx_HAL_Driver/Src/stm32l1xx_hal.o
 .debug_info    0x0000000000004d19      0xf28 ./Drivers/STM32L1xx_HAL_Driver/Src/stm32l1xx_hal_adc.o
 .debug_info    0x0000000000005c41      0xd79 ./Drivers/STM32L1xx_HAL_Driver/Src/stm32l1xx_hal_cortex.o
 .debug_info    0x00000000000069ba      0x733 ./Drivers/STM32L1xx_HAL_Driver/Src/stm32l1xx_hal_dma.o
 .debug_info    0x00000000000070ed      0x627 ./Drivers/STM32L1xx_HAL_Driver/Src/stm32l1xx_hal_gpio.o
 .debug_info    0x0000000000007714      0x9bd ./Drivers/STM32L1xx_HAL_Driver/Src/stm32l1xx_hal_rcc.o
 .debug_info    0x00000000000080d1     0x2858 ./Drivers/STM32L1xx_HAL_Driver/Src/stm32l1xx_hal_tim.o
 .debug_info    0x000000000000a929      0x6ea ./Drivers/STM32L1xx_HAL_Driver/Src/stm32l1xx_hal_tim_ex.o
 .debug_info    0x000000000000b013     0x15db ./Drivers/STM32L1xx_HAL_Driver/Src/stm32l1xx_hal_uart.o

.debug_abbrev   0x0000000000000000     0x1fa0
 .debug_abbrev  0x0000000000000000      0x323 ./Core/Src/main.o
 .debug_abbrev  0x0000000000000323      0x328 ./Core/Src/robot.o
 .debug_abbrev  0x000000000000064b      0x1f9 ./Core/Src/stm32l1xx_hal_msp.o
 .debug_abbrev  0x0000000000000844      0x170 ./Core/Src/stm32l1xx_it.o
 .debug_abbrev  0x00000000000009b4      0x116 ./Core/Src/system_stm32l1xx.o
 .debug_abbrev  0x0000000000000aca       0x12 ./Core/Startup/startup_stm32l152rctx.o
 .debug_abbrev  0x0000000000000adc      0x26c ./Drivers/STM32L1xx_HAL_Driver/Src/stm32l1xx_hal.o
 .debug_abbrev  0x0000000000000d48      0x280 ./Drivers/STM32L1xx_HAL_Driver/Src/stm32l1xx_hal_adc.o
 .debug_abbrev  0x0000000000000fc8      0x316 ./Drivers/STM32L1xx_HAL_Driver/Src/stm32l1xx_hal_cortex.o
 .debug_abbrev  0x00000000000012de      0x206 ./Drivers/STM32L1xx_HAL_Driver/Src/stm32l1xx_hal_dma.o
 .debug_abbrev  0x00000000000014e4      0x1c4 ./Drivers/STM32L1xx_HAL_Driver/Src/stm32l1xx_hal_gpio.o
 .debug_abbrev  0x00000000000016a8      0x2b0 ./Drivers/STM32L1xx_HAL_Driver/Src/stm32l1xx_hal_rcc.o
 .debug_abbrev  0x0000000000001958      0x259 ./Drivers/STM32L1xx_HAL_Driver/Src/stm32l1xx_hal_tim.o
 .debug_abbrev  0x0000000000001bb1      0x166 ./Drivers/STM32L1xx_HAL_Driver/Src/stm32l1xx_hal_tim_ex.o
 .debug_abbrev  0x0000000000001d17      0x289 ./Drivers/STM32L1xx_HAL_Driver/Src/stm32l1xx_hal_uart.o

.debug_aranges  0x0000000000000000      0xca8
 .debug_aranges
                0x0000000000000000       0x80 ./Core/Src/main.o
 .debug_aranges
                0x0000000000000080       0xd8 ./Core/Src/robot.o
 .debug_aranges
                0x0000000000000158       0x50 ./Core/Src/stm32l1xx_hal_msp.o
 .debug_aranges
                0x00000000000001a8       0x68 ./Core/Src/stm32l1xx_it.o
 .debug_aranges
                0x0000000000000210       0x28 ./Core/Src/system_stm32l1xx.o
 .debug_aranges
                0x0000000000000238       0x28 ./Core/Startup/startup_stm32l152rctx.o
 .debug_aranges
                0x0000000000000260       0xe0 ./Drivers/STM32L1xx_HAL_Driver/Src/stm32l1xx_hal.o
 .debug_aranges
                0x0000000000000340       0xf0 ./Drivers/STM32L1xx_HAL_Driver/Src/stm32l1xx_hal_adc.o
 .debug_aranges
                0x0000000000000430      0x118 ./Drivers/STM32L1xx_HAL_Driver/Src/stm32l1xx_hal_cortex.o
 .debug_aranges
                0x0000000000000548       0x80 ./Drivers/STM32L1xx_HAL_Driver/Src/stm32l1xx_hal_dma.o
 .debug_aranges
                0x00000000000005c8       0x58 ./Drivers/STM32L1xx_HAL_Driver/Src/stm32l1xx_hal_gpio.o
 .debug_aranges
                0x0000000000000620       0x90 ./Drivers/STM32L1xx_HAL_Driver/Src/stm32l1xx_hal_rcc.o
 .debug_aranges
                0x00000000000006b0      0x3d0 ./Drivers/STM32L1xx_HAL_Driver/Src/stm32l1xx_hal_tim.o
 .debug_aranges
                0x0000000000000a80       0x28 ./Drivers/STM32L1xx_HAL_Driver/Src/stm32l1xx_hal_tim_ex.o
 .debug_aranges
                0x0000000000000aa8      0x200 ./Drivers/STM32L1xx_HAL_Driver/Src/stm32l1xx_hal_uart.o

.debug_ranges   0x0000000000000000      0xbf0
 .debug_ranges  0x0000000000000000       0x70 ./Core/Src/main.o
 .debug_ranges  0x0000000000000070       0xc8 ./Core/Src/robot.o
 .debug_ranges  0x0000000000000138       0x40 ./Core/Src/stm32l1xx_hal_msp.o
 .debug_ranges  0x0000000000000178       0x58 ./Core/Src/stm32l1xx_it.o
 .debug_ranges  0x00000000000001d0       0x18 ./Core/Src/system_stm32l1xx.o
 .debug_ranges  0x00000000000001e8       0x20 ./Core/Startup/startup_stm32l152rctx.o
 .debug_ranges  0x0000000000000208       0xd0 ./Drivers/STM32L1xx_HAL_Driver/Src/stm32l1xx_hal.o
 .debug_ranges  0x00000000000002d8       0xe0 ./Drivers/STM32L1xx_HAL_Driver/Src/stm32l1xx_hal_adc.o
 .debug_ranges  0x00000000000003b8      0x108 ./Drivers/STM32L1xx_HAL_Driver/Src/stm32l1xx_hal_cortex.o
 .debug_ranges  0x00000000000004c0       0x70 ./Drivers/STM32L1xx_HAL_Driver/Src/stm32l1xx_hal_dma.o
 .debug_ranges  0x0000000000000530       0x48 ./Drivers/STM32L1xx_HAL_Driver/Src/stm32l1xx_hal_gpio.o
 .debug_ranges  0x0000000000000578       0x80 ./Drivers/STM32L1xx_HAL_Driver/Src/stm32l1xx_hal_rcc.o
 .debug_ranges  0x00000000000005f8      0x3c0 ./Drivers/STM32L1xx_HAL_Driver/Src/stm32l1xx_hal_tim.o
 .debug_ranges  0x00000000000009b8       0x18 ./Drivers/STM32L1xx_HAL_Driver/Src/stm32l1xx_hal_tim_ex.o
 .debug_ranges  0x00000000000009d0      0x220 ./Drivers/STM32L1xx_HAL_Driver/Src/stm32l1xx_hal_uart.o

.debug_macro    0x0000000000000000    0x168f4
 .debug_macro   0x0000000000000000      0x33a ./Core/Src/main.o
 .debug_macro   0x000000000000033a      0xa6c ./Core/Src/main.o
 .debug_macro   0x0000000000000da6      0x115 ./Core/Src/main.o
 .debug_macro   0x0000000000000ebb       0x2e ./Core/Src/main.o
 .debug_macro   0x0000000000000ee9       0x22 ./Core/Src/main.o
 .debug_macro   0x0000000000000f0b       0x22 ./Core/Src/main.o
 .debug_macro   0x0000000000000f2d       0x8e ./Core/Src/main.o
 .debug_macro   0x0000000000000fbb       0x51 ./Core/Src/main.o
 .debug_macro   0x000000000000100c      0x103 ./Core/Src/main.o
 .debug_macro   0x000000000000110f       0x6a ./Core/Src/main.o
 .debug_macro   0x0000000000001179      0x1df ./Core/Src/main.o
 .debug_macro   0x0000000000001358       0x1c ./Core/Src/main.o
 .debug_macro   0x0000000000001374       0x22 ./Core/Src/main.o
 .debug_macro   0x0000000000001396       0xbd ./Core/Src/main.o
 .debug_macro   0x0000000000001453      0xe49 ./Core/Src/main.o
 .debug_macro   0x000000000000229c      0x11f ./Core/Src/main.o
 .debug_macro   0x00000000000023bb     0xb1a4 ./Core/Src/main.o
 .debug_macro   0x000000000000d55f       0x6d ./Core/Src/main.o
 .debug_macro   0x000000000000d5cc     0x34ca ./Core/Src/main.o
 .debug_macro   0x0000000000010a96      0x174 ./Core/Src/main.o
 .debug_macro   0x0000000000010c0a       0x5b ./Core/Src/main.o
 .debug_macro   0x0000000000010c65      0xe38 ./Core/Src/main.o
 .debug_macro   0x0000000000011a9d      0x243 ./Core/Src/main.o
 .debug_macro   0x0000000000011ce0      0x1b9 ./Core/Src/main.o
 .debug_macro   0x0000000000011e99       0xb9 ./Core/Src/main.o
 .debug_macro   0x0000000000011f52      0x21e ./Core/Src/main.o
 .debug_macro   0x0000000000012170      0x236 ./Core/Src/main.o
 .debug_macro   0x00000000000123a6      0x64d ./Core/Src/main.o
 .debug_macro   0x00000000000129f3      0x16c ./Core/Src/main.o
 .debug_macro   0x0000000000012b5f      0x116 ./Core/Src/main.o
 .debug_macro   0x0000000000012c75      0x56e ./Core/Src/main.o
 .debug_macro   0x00000000000131e3      0x1e9 ./Core/Src/main.o
 .debug_macro   0x00000000000133cc       0x22 ./Core/Src/main.o
 .debug_macro   0x00000000000133ee      0x76c ./Core/Src/main.o
 .debug_macro   0x0000000000013b5a       0xac ./Core/Src/main.o
 .debug_macro   0x0000000000013c06      0x295 ./Core/Src/main.o
 .debug_macro   0x0000000000013e9b      0x162 ./Core/Src/main.o
 .debug_macro   0x0000000000013ffd      0x3ff ./Core/Src/main.o
 .debug_macro   0x00000000000143fc       0x6a ./Core/Src/main.o
 .debug_macro   0x0000000000014466      0x1f1 ./Core/Src/main.o
 .debug_macro   0x0000000000014657       0x52 ./Core/Src/main.o
 .debug_macro   0x00000000000146a9       0x18 ./Core/Src/main.o
 .debug_macro   0x00000000000146c1       0x3c ./Core/Src/main.o
 .debug_macro   0x00000000000146fd       0x34 ./Core/Src/main.o
 .debug_macro   0x0000000000014731       0x16 ./Core/Src/main.o
 .debug_macro   0x0000000000014747       0x35 ./Core/Src/main.o
 .debug_macro   0x000000000001477c      0x341 ./Core/Src/main.o
 .debug_macro   0x0000000000014abd       0x10 ./Core/Src/main.o
 .debug_macro   0x0000000000014acd       0x16 ./Core/Src/main.o
 .debug_macro   0x0000000000014ae3       0x43 ./Core/Src/main.o
 .debug_macro   0x0000000000014b26       0x34 ./Core/Src/main.o
 .debug_macro   0x0000000000014b5a       0x10 ./Core/Src/main.o
 .debug_macro   0x0000000000014b6a       0x58 ./Core/Src/main.o
 .debug_macro   0x0000000000014bc2       0x71 ./Core/Src/main.o
 .debug_macro   0x0000000000014c33       0x1c ./Core/Src/main.o
 .debug_macro   0x0000000000014c4f      0x12a ./Core/Src/main.o
 .debug_macro   0x0000000000014d79       0x10 ./Core/Src/main.o
 .debug_macro   0x0000000000014d89       0x1c ./Core/Src/main.o
 .debug_macro   0x0000000000014da5       0x52 ./Core/Src/main.o
 .debug_macro   0x0000000000014df7       0x22 ./Core/Src/main.o
 .debug_macro   0x0000000000014e19       0x10 ./Core/Src/main.o
 .debug_macro   0x0000000000014e29       0x52 ./Core/Src/main.o
 .debug_macro   0x0000000000014e7b       0xd5 ./Core/Src/main.o
 .debug_macro   0x0000000000014f50       0x1c ./Core/Src/main.o
 .debug_macro   0x0000000000014f6c       0x3d ./Core/Src/main.o
 .debug_macro   0x0000000000014fa9       0x16 ./Core/Src/main.o
 .debug_macro   0x0000000000014fbf      0x145 ./Core/Src/main.o
 .debug_macro   0x0000000000015104      0x1d2 ./Core/Src/robot.o
 .debug_macro   0x00000000000152d6       0x64 ./Core/Src/robot.o
 .debug_macro   0x000000000001533a      0x1db ./Core/Src/stm32l1xx_hal_msp.o
 .debug_macro   0x0000000000015515      0x1e5 ./Core/Src/stm32l1xx_it.o
 .debug_macro   0x00000000000156fa      0x1c3 ./Core/Src/system_stm32l1xx.o
 .debug_macro   0x00000000000158bd      0x1e7 ./Drivers/STM32L1xx_HAL_Driver/Src/stm32l1xx_hal.o
 .debug_macro   0x0000000000015aa4      0x1e0 ./Drivers/STM32L1xx_HAL_Driver/Src/stm32l1xx_hal_adc.o
 .debug_macro   0x0000000000015c84      0x1c3 ./Drivers/STM32L1xx_HAL_Driver/Src/stm32l1xx_hal_cortex.o
 .debug_macro   0x0000000000015e47      0x1c3 ./Drivers/STM32L1xx_HAL_Driver/Src/stm32l1xx_hal_dma.o
 .debug_macro   0x000000000001600a      0x1ca ./Drivers/STM32L1xx_HAL_Driver/Src/stm32l1xx_hal_gpio.o
 .debug_macro   0x00000000000161d4      0x1d5 ./Drivers/STM32L1xx_HAL_Driver/Src/stm32l1xx_hal_rcc.o
 .debug_macro   0x00000000000163a9      0x1c4 ./Drivers/STM32L1xx_HAL_Driver/Src/stm32l1xx_hal_tim.o
 .debug_macro   0x000000000001656d      0x1c3 ./Drivers/STM32L1xx_HAL_Driver/Src/stm32l1xx_hal_tim_ex.o
 .debug_macro   0x0000000000016730      0x1c4 ./Drivers/STM32L1xx_HAL_Driver/Src/stm32l1xx_hal_uart.o

.debug_line     0x0000000000000000     0xce83
 .debug_line    0x0000000000000000      0xd96 ./Core/Src/main.o
 .debug_line    0x0000000000000d96      0xe5e ./Core/Src/robot.o
 .debug_line    0x0000000000001bf4      0x7f6 ./Core/Src/stm32l1xx_hal_msp.o
 .debug_line    0x00000000000023ea      0x7c0 ./Core/Src/stm32l1xx_it.o
 .debug_line    0x0000000000002baa      0x77b ./Core/Src/system_stm32l1xx.o
 .debug_line    0x0000000000003325       0x87 ./Core/Startup/startup_stm32l152rctx.o
 .debug_line    0x00000000000033ac      0x99e ./Drivers/STM32L1xx_HAL_Driver/Src/stm32l1xx_hal.o
 .debug_line    0x0000000000003d4a      0xf87 ./Drivers/STM32L1xx_HAL_Driver/Src/stm32l1xx_hal_adc.o
 .debug_line    0x0000000000004cd1      0xc6b ./Drivers/STM32L1xx_HAL_Driver/Src/stm32l1xx_hal_cortex.o
 .debug_line    0x000000000000593c      0xc27 ./Drivers/STM32L1xx_HAL_Driver/Src/stm32l1xx_hal_dma.o
 .debug_line    0x0000000000006563      0x9f0 ./Drivers/STM32L1xx_HAL_Driver/Src/stm32l1xx_hal_gpio.o
 .debug_line    0x0000000000006f53      0xea7 ./Drivers/STM32L1xx_HAL_Driver/Src/stm32l1xx_hal_rcc.o
 .debug_line    0x0000000000007dfa     0x2e62 ./Drivers/STM32L1xx_HAL_Driver/Src/stm32l1xx_hal_tim.o
 .debug_line    0x000000000000ac5c      0x7ad ./Drivers/STM32L1xx_HAL_Driver/Src/stm32l1xx_hal_tim_ex.o
 .debug_line    0x000000000000b409     0x1a7a ./Drivers/STM32L1xx_HAL_Driver/Src/stm32l1xx_hal_uart.o

.debug_str      0x0000000000000000    0x8fc26
 .debug_str     0x0000000000000000    0x8d021 ./Core/Src/main.o
                                      0x8d4a1 (size before relaxing)
 .debug_str     0x000000000008d021      0x31d ./Core/Src/robot.o
                                      0x88ae1 (size before relaxing)
 .debug_str     0x000000000008d33e      0x462 ./Core/Src/stm32l1xx_hal_msp.o
                                      0x892e1 (size before relaxing)
 .debug_str     0x000000000008d7a0       0xef ./Core/Src/stm32l1xx_it.o
                                      0x889db (size before relaxing)
 .debug_str     0x000000000008d88f       0x99 ./Core/Src/system_stm32l1xx.o
                                      0x87dba (size before relaxing)
 .debug_str     0x000000000008d928       0x36 ./Core/Startup/startup_stm32l152rctx.o
                                         0x84 (size before relaxing)
 .debug_str     0x000000000008d95e      0x2f9 ./Drivers/STM32L1xx_HAL_Driver/Src/stm32l1xx_hal.o
                                      0x884c9 (size before relaxing)
 .debug_str     0x000000000008dc57      0x356 ./Drivers/STM32L1xx_HAL_Driver/Src/stm32l1xx_hal_adc.o
                                      0x88545 (size before relaxing)
 .debug_str     0x000000000008dfad      0x349 ./Drivers/STM32L1xx_HAL_Driver/Src/stm32l1xx_hal_cortex.o
                                      0x885a3 (size before relaxing)
 .debug_str     0x000000000008e2f6      0x233 ./Drivers/STM32L1xx_HAL_Driver/Src/stm32l1xx_hal_dma.o
                                      0x8813f (size before relaxing)
 .debug_str     0x000000000008e529      0x116 ./Drivers/STM32L1xx_HAL_Driver/Src/stm32l1xx_hal_gpio.o
                                      0x87f4d (size before relaxing)
 .debug_str     0x000000000008e63f      0x270 ./Drivers/STM32L1xx_HAL_Driver/Src/stm32l1xx_hal_rcc.o
                                      0x8826a (size before relaxing)
 .debug_str     0x000000000008e8af      0xd96 ./Drivers/STM32L1xx_HAL_Driver/Src/stm32l1xx_hal_tim.o
                                      0x890a6 (size before relaxing)
 .debug_str     0x000000000008f645       0x57 ./Drivers/STM32L1xx_HAL_Driver/Src/stm32l1xx_hal_tim_ex.o
                                      0x88262 (size before relaxing)
 .debug_str     0x000000000008f69c      0x58a ./Drivers/STM32L1xx_HAL_Driver/Src/stm32l1xx_hal_uart.o
                                      0x887b9 (size before relaxing)

.comment        0x0000000000000000       0x50
 .comment       0x0000000000000000       0x50 ./Core/Src/main.o
                                         0x51 (size before relaxing)
 .comment       0x0000000000000050       0x51 ./Core/Src/robot.o
 .comment       0x0000000000000050       0x51 ./Core/Src/stm32l1xx_hal_msp.o
 .comment       0x0000000000000050       0x51 ./Core/Src/stm32l1xx_it.o
 .comment       0x0000000000000050       0x51 ./Core/Src/system_stm32l1xx.o
 .comment       0x0000000000000050       0x51 ./Drivers/STM32L1xx_HAL_Driver/Src/stm32l1xx_hal.o
 .comment       0x0000000000000050       0x51 ./Drivers/STM32L1xx_HAL_Driver/Src/stm32l1xx_hal_adc.o
 .comment       0x0000000000000050       0x51 ./Drivers/STM32L1xx_HAL_Driver/Src/stm32l1xx_hal_cortex.o
 .comment       0x0000000000000050       0x51 ./Drivers/STM32L1xx_HAL_Driver/Src/stm32l1xx_hal_dma.o
 .comment       0x0000000000000050       0x51 ./Drivers/STM32L1xx_HAL_Driver/Src/stm32l1xx_hal_gpio.o
 .comment       0x0000000000000050       0x51 ./Drivers/STM32L1xx_HAL_Driver/Src/stm32l1xx_hal_rcc.o
 .comment       0x0000000000000050       0x51 ./Drivers/STM32L1xx_HAL_Driver/Src/stm32l1xx_hal_tim.o
 .comment       0x0000000000000050       0x51 ./Drivers/STM32L1xx_HAL_Driver/Src/stm32l1xx_hal_tim_ex.o
 .comment       0x0000000000000050       0x51 ./Drivers/STM32L1xx_HAL_Driver/Src/stm32l1xx_hal_uart.o

.debug_frame    0x0000000000000000     0x369c
 .debug_frame   0x0000000000000000      0x1bc ./Core/Src/main.o
 .debug_frame   0x00000000000001bc      0x354 ./Core/Src/robot.o
 .debug_frame   0x0000000000000510      0x114 ./Core/Src/stm32l1xx_hal_msp.o
 .debug_frame   0x0000000000000624      0x120 ./Core/Src/stm32l1xx_it.o
 .debug_frame   0x0000000000000744       0x58 ./Core/Src/system_stm32l1xx.o
 .debug_frame   0x000000000000079c      0x33c ./Drivers/STM32L1xx_HAL_Driver/Src/stm32l1xx_hal.o
 .debug_frame   0x0000000000000ad8      0x40c ./Drivers/STM32L1xx_HAL_Driver/Src/stm32l1xx_hal_adc.o
 .debug_frame   0x0000000000000ee4      0x498 ./Drivers/STM32L1xx_HAL_Driver/Src/stm32l1xx_hal_cortex.o
 .debug_frame   0x000000000000137c      0x204 ./Drivers/STM32L1xx_HAL_Driver/Src/stm32l1xx_hal_dma.o
 .debug_frame   0x0000000000001580      0x14c ./Drivers/STM32L1xx_HAL_Driver/Src/stm32l1xx_hal_gpio.o
 .debug_frame   0x00000000000016cc      0x224 ./Drivers/STM32L1xx_HAL_Driver/Src/stm32l1xx_hal_rcc.o
 .debug_frame   0x00000000000018f0     0x11b4 ./Drivers/STM32L1xx_HAL_Driver/Src/stm32l1xx_hal_tim.o
 .debug_frame   0x0000000000002aa4       0x60 ./Drivers/STM32L1xx_HAL_Driver/Src/stm32l1xx_hal_tim_ex.o
 .debug_frame   0x0000000000002b04      0x914 ./Drivers/STM32L1xx_HAL_Driver/Src/stm32l1xx_hal_uart.o
 .debug_frame   0x0000000000003418       0x2c c:/st/stm32cubeide_1.11.2/stm32cubeide/plugins/com.st.stm32cube.ide.mcu.externaltools.gnu-tools-for-stm32.10.3-2021.10.win32_1.0.200.202301161003/tools/bin/../lib/gcc/arm-none-eabi/10.3.1/../../../../arm-none-eabi/lib/thumb/v7-m/nofp\libc_nano.a(lib_a-init.o)
 .debug_frame   0x0000000000003444       0x20 c:/st/stm32cubeide_1.11.2/stm32cubeide/plugins/com.st.stm32cube.ide.mcu.externaltools.gnu-tools-for-stm32.10.3-2021.10.win32_1.0.200.202301161003/tools/bin/../lib/gcc/arm-none-eabi/10.3.1/../../../../arm-none-eabi/lib/thumb/v7-m/nofp\libc_nano.a(lib_a-memset.o)
 .debug_frame   0x0000000000003464       0x24 c:/st/stm32cubeide_1.11.2/stm32cubeide/plugins/com.st.stm32cube.ide.mcu.externaltools.gnu-tools-for-stm32.10.3-2021.10.win32_1.0.200.202301161003/tools/bin/../lib/gcc/arm-none-eabi/10.3.1/thumb/v7-m/nofp\libgcc.a(_arm_mulsf3.o)
 .debug_frame   0x0000000000003488       0xac c:/st/stm32cubeide_1.11.2/stm32cubeide/plugins/com.st.stm32cube.ide.mcu.externaltools.gnu-tools-for-stm32.10.3-2021.10.win32_1.0.200.202301161003/tools/bin/../lib/gcc/arm-none-eabi/10.3.1/thumb/v7-m/nofp\libgcc.a(_arm_addsubdf3.o)
 .debug_frame   0x0000000000003534       0x50 c:/st/stm32cubeide_1.11.2/stm32cubeide/plugins/com.st.stm32cube.ide.mcu.externaltools.gnu-tools-for-stm32.10.3-2021.10.win32_1.0.200.202301161003/tools/bin/../lib/gcc/arm-none-eabi/10.3.1/thumb/v7-m/nofp\libgcc.a(_arm_muldivdf3.o)
 .debug_frame   0x0000000000003584       0x24 c:/st/stm32cubeide_1.11.2/stm32cubeide/plugins/com.st.stm32cube.ide.mcu.externaltools.gnu-tools-for-stm32.10.3-2021.10.win32_1.0.200.202301161003/tools/bin/../lib/gcc/arm-none-eabi/10.3.1/thumb/v7-m/nofp\libgcc.a(_arm_fixdfsi.o)
 .debug_frame   0x00000000000035a8       0x24 c:/st/stm32cubeide_1.11.2/stm32cubeide/plugins/com.st.stm32cube.ide.mcu.externaltools.gnu-tools-for-stm32.10.3-2021.10.win32_1.0.200.202301161003/tools/bin/../lib/gcc/arm-none-eabi/10.3.1/thumb/v7-m/nofp\libgcc.a(_arm_truncdfsf2.o)
 .debug_frame   0x00000000000035cc       0x4c c:/st/stm32cubeide_1.11.2/stm32cubeide/plugins/com.st.stm32cube.ide.mcu.externaltools.gnu-tools-for-stm32.10.3-2021.10.win32_1.0.200.202301161003/tools/bin/../lib/gcc/arm-none-eabi/10.3.1/thumb/v7-m/nofp\libgcc.a(_arm_addsubsf3.o)
 .debug_frame   0x0000000000003618       0x24 c:/st/stm32cubeide_1.11.2/stm32cubeide/plugins/com.st.stm32cube.ide.mcu.externaltools.gnu-tools-for-stm32.10.3-2021.10.win32_1.0.200.202301161003/tools/bin/../lib/gcc/arm-none-eabi/10.3.1/thumb/v7-m/nofp\libgcc.a(_arm_fixsfsi.o)
 .debug_frame   0x000000000000363c       0x2c c:/st/stm32cubeide_1.11.2/stm32cubeide/plugins/com.st.stm32cube.ide.mcu.externaltools.gnu-tools-for-stm32.10.3-2021.10.win32_1.0.200.202301161003/tools/bin/../lib/gcc/arm-none-eabi/10.3.1/thumb/v7-m/nofp\libgcc.a(_aeabi_uldivmod.o)
 .debug_frame   0x0000000000003668       0x34 c:/st/stm32cubeide_1.11.2/stm32cubeide/plugins/com.st.stm32cube.ide.mcu.externaltools.gnu-tools-for-stm32.10.3-2021.10.win32_1.0.200.202301161003/tools/bin/../lib/gcc/arm-none-eabi/10.3.1/thumb/v7-m/nofp\libgcc.a(_udivmoddi4.o)
