../Core/Src/main.c:71:6:TIM3_IRQHandler	8	static
../Core/Src/main.c:106:6:TIM2_IRQHandler	16	static
../Core/Src/main.c:152:5:main	8	static
../Core/Src/main.c:254:6:SystemClock_Config	80	static
../Core/Src/main.c:298:13:MX_ADC_Init	24	static
../Core/Src/main.c:353:13:MX_TIM2_Init	32	static
../Core/Src/main.c:398:13:MX_TIM3_Init	32	static
../Core/Src/main.c:443:13:MX_TIM4_Init	32	static
../Core/Src/main.c:488:13:MX_TS_Init	4	static
../Core/Src/main.c:509:13:MX_USART1_UART_Init	8	static
../Core/Src/main.c:542:13:MX_GPIO_Init	48	static
../Core/Src/main.c:605:6:HAL_UART_RxCpltCallback	24	static
../Core/Src/main.c:660:6:Error_Handler	4	static,ignoring_inline_asm
