../Core/Src/robot.c:27:13:initGPIOPin	24	static
../Core/Src/robot.c:37:13:initOutputGPIOPin	24	static
../Core/Src/robot.c:45:13:initAFGPIOPin	32	static
../Core/Src/robot.c:58:13:initTimer4	4	static
../Core/Src/robot.c:78:13:initDriveModule	8	static
../Core/Src/robot.c:111:13:initTimer2	4	static
../Core/Src/robot.c:143:13:initTimer3	4	static
../Core/Src/robot.c:172:13:initUltrasonicAndBuzzerModule	8	static
../Core/Src/robot.c:195:13:initSpeedSelectorModule	8	static
../Core/Src/robot.c:219:13:initBluetoothModule	16	static
../Core/Src/robot.c:229:6:updateStatusBuzzer	16	static
../Core/Src/robot.c:252:6:updateStatusGPIOPin	16	static
../Core/Src/robot.c:274:13:updateStatusMotor	24	static
../Core/Src/robot.c:306:6:updateStatusMode	16	static
../Core/Src/robot.c:324:6:updateStatusRobot	24	static
../Core/Src/robot.c:393:6:updateSpeedRobot	16	static
../Core/Src/robot.c:414:6:createRobot	16	static
../Core/Src/robot.c:430:6:toggleGPIOPin	16	static
../Core/Src/robot.c:438:6:updateBuzzer	16	static
../Core/Src/robot.c:452:6:updateMaxSpeed	16	static
../Core/Src/robot.c:468:6:updateRobot	16	static
../Core/Src/robot.c:535:6:receiveData	8	static
../Core/Src/robot.c:539:6:sendDistanceData	16	static
../Core/Src/robot.c:563:6:sendData	16	static
