../Core/Src/main.c:72:6:TIM4_IRQHandler	8	static
../Core/Src/main.c:82:6:TIM3_IRQHandler	8	static
../Core/Src/main.c:98:6:TIM2_IRQHandler	16	static
../Core/Src/main.c:131:5:main	16	static
../Core/Src/main.c:196:6:SystemClock_Config	80	static
../Core/Src/main.c:240:13:MX_ADC_Init	24	static
../Core/Src/main.c:295:13:MX_TIM2_Init	32	static
../Core/Src/main.c:340:13:MX_TIM3_Init	32	static
../Core/Src/main.c:385:13:MX_TIM4_Init	32	static
../Core/Src/main.c:430:13:MX_TS_Init	4	static
../Core/Src/main.c:451:13:MX_GPIO_Init	48	static
../Core/Src/main.c:531:6:Error_Handler	4	static,ignoring_inline_asm
